[backblue.gif]
[fade.gif]
[index.html]
[hostelspaze.com/img/favicon1.png]
[netdna.bootstrapcdn.com/font-awesome/3.2.1/css/font-awesome.css]
[hostelspaze.com/img/Hostelspaze2.png]
[hostelspaze.com/img/bed2.jpg]
[hostelspaze.com/img/bg-img-prev.jpg]
[hostelspaze.com/img/hotel.jpg]
[hostelspaze.com/img/meals.png]
[hostelspaze.com/img/wifi.png]
[hostelspaze.com/img/secure.png]
[hostelspaze.com/img/bus.png]
[hostelspaze.com/img/washing.png]
[hostelspaze.com/img/electric.png]
[hostelspaze.com/img/sanitizer.png]
[hostelspaze.com/img/scann.png]
[hostelspaze.com/img/travel.png]
[hostelspaze.com/img/roomfeature.png]
[hostelspaze.com/img/dis-infect.png]
[hostelspaze.com/img/dispenser.png]
[hostelspaze.com/img/contactless-food.png]
[hostelspaze.com/img/who.png]
[hostelspaze.com/img/masjk.png]
[cdnjs.cloudflare.com/ajax/libs/jquery/3.1.0/jquery.min.js]
[hostelspaze.com/whatsapp/what.png]
[hostelspaze.com/js/profile.js]
[hostelspaze.com/js/jquery-min.js]
[hostelspaze.com/js/bootstrap.min.js]
[hostelspaze.com/js/footer.js]
[hostelspaze.com/index.html]
[hostelspaze.com/font-awesome-4.7.0/fonts/fontawesome-webfont3e6e.woff2]
[hostelspaze.com/font-awesome-4.7.0/fonts/fontawesome-webfont3e6e.woff]
[hostelspaze.com/font-awesome-4.7.0/fonts/fontawesome-webfont3e6e.ttf]
[hostelspaze.com/font-awesome-4.7.0/css/font-awesome.min.css]
[hostelspaze.com/css/bootstrap.min.css]
[hostelspaze.com/img/bg-img-1.jpg]
[hostelspaze.com/img/bg-img-4.jpg]
[hostelspaze.com/css/style.css]
[hostelspaze.com/css/footer.css]
[hostelspaze.com/virus.css]
[netdna.bootstrapcdn.com/font-awesome/3.2.1/css/font-awesome.css]
[hostelspaze.com/index-2.html]
[hostelspaze.com/service.html]
[hostelspaze.com/img_avatar/img_avatar.png]
[hostelspaze.com/img_avatar/img_avatar1.png]
[hostelspaze.com/ourteam.html]
[hostelspaze.com/contact.html]
[hostelspaze.com/font-awesome-4.7.0/fonts/fontawesome-webfont3e6e.html]
[hostelspaze.com/font-awesome-4.7.0/fonts/fontawesome-webfontd41d.html]
[hostelspaze.com/font-awesome-4.7.0/fonts/fontawesome-webfont3e6e.svg]
[hostelspaze.com/img/bg-img-2.html]
